// Jest Snapshot v1, https://goo.gl/fbAQLP

exports[`EditEventSignIn Should match the snapshot 1`] = `ShallowWrapper {}`;
