// Jest Snapshot v1, https://goo.gl/fbAQLP

exports[`Nav Should match the snapshot 1`] = `ShallowWrapper {}`;
