// Jest Snapshot v1, https://goo.gl/fbAQLP

exports[`EditEmployees Should match the snapshot 1`] = `ShallowWrapper {}`;
