// Jest Snapshot v1, https://goo.gl/fbAQLP

exports[`MaintainPositions Should match the snapshot 1`] = `ShallowWrapper {}`;
