// Jest Snapshot v1, https://goo.gl/fbAQLP

exports[`EventReport Should match the snapshot 1`] = `ShallowWrapper {}`;
