// Jest Snapshot v1, https://goo.gl/fbAQLP

exports[`MaintainEmployees Should match the snapshot 1`] = `ShallowWrapper {}`;
