// Jest Snapshot v1, https://goo.gl/fbAQLP

exports[`SignInNewEmployee Should match the snapshot 1`] = `ShallowWrapper {}`;
