// Jest Snapshot v1, https://goo.gl/fbAQLP

exports[`EventView Should match the snapshot 1`] = `ShallowWrapper {}`;
